python : Creating 
test database for 
alias 'default'...
At line:1 char:1
+ python manage.py 
test orders > 
test_output.txt 2>&1
+ ~~~~~~~~~~~~~~~~~~~
~~~~~~~~~~~~~~~~~~~~~
~~~~~~~~~~~
    + CategoryInfo   
           : NotSpe  
  cified: (Creatin   
 g test d...as 'd    
efault'...:Strin    
g) [], RemoteExc    
eption
    + FullyQualified 
   ErrorId : Native  
  CommandError
 

Found 3 test(s).
System check identified no issues (0 silenced).
..F
=====================
=====================
=====================
=======
FAIL: 
test_quick_order (ord
ers.tests.OrderTests.
test_quick_order)
---------------------
---------------------
---------------------
-------
Traceback (most 
recent call last):
  File "C:\Users\kpk 
laptops\Desktop\MAHMO
OD_PHARMACY_BACKEND\o
rders\tests.py", 
line 61, in 
test_quick_order
    self.assertEqual(
response.status_code,
 status.HTTP_201_CREA
TED)
AssertionError: 405 
!= 201

---------------------
---------------------
---------------------
-------
Ran 3 tests in 2.136s

FAILED (failures=1)
Destroying test 
database for alias 
'default'...

